Archive member included to satisfy reference by file (symbol)

/usr/bin/../lib/gcc/arm-none-eabi/6.3.1/../../../../arm-none-eabi/lib/thumb/v6-m/libc_nano.a(lib_a-exit.o)
                              /usr/bin/../lib/gcc/arm-none-eabi/6.3.1/../../../../arm-none-eabi/lib/thumb/v6-m/crt0.o (exit)
/usr/bin/../lib/gcc/arm-none-eabi/6.3.1/../../../../arm-none-eabi/lib/thumb/v6-m/libc_nano.a(lib_a-impure.o)
                              /usr/bin/../lib/gcc/arm-none-eabi/6.3.1/../../../../arm-none-eabi/lib/thumb/v6-m/libc_nano.a(lib_a-exit.o) (_global_impure_ptr)
/usr/bin/../lib/gcc/arm-none-eabi/6.3.1/../../../../arm-none-eabi/lib/thumb/v6-m/libc_nano.a(lib_a-init.o)
                              /usr/bin/../lib/gcc/arm-none-eabi/6.3.1/../../../../arm-none-eabi/lib/thumb/v6-m/crt0.o (__libc_init_array)
/usr/bin/../lib/gcc/arm-none-eabi/6.3.1/../../../../arm-none-eabi/lib/thumb/v6-m/libc_nano.a(lib_a-memset.o)
                              /usr/bin/../lib/gcc/arm-none-eabi/6.3.1/../../../../arm-none-eabi/lib/thumb/v6-m/crt0.o (memset)
/usr/bin/../lib/gcc/arm-none-eabi/6.3.1/../../../../arm-none-eabi/lib/thumb/v6-m/libnosys.a(_exit.o)
                              /usr/bin/../lib/gcc/arm-none-eabi/6.3.1/../../../../arm-none-eabi/lib/thumb/v6-m/libc_nano.a(lib_a-exit.o) (_exit)

Discarded input sections

 .text          0x0000000000000000        0x0 /usr/bin/../lib/gcc/arm-none-eabi/6.3.1/thumb/v6-m/crti.o
 .data          0x0000000000000000        0x0 /usr/bin/../lib/gcc/arm-none-eabi/6.3.1/thumb/v6-m/crti.o
 .bss           0x0000000000000000        0x0 /usr/bin/../lib/gcc/arm-none-eabi/6.3.1/thumb/v6-m/crti.o
 .data          0x0000000000000000        0x4 /usr/bin/../lib/gcc/arm-none-eabi/6.3.1/thumb/v6-m/crtbegin.o
 .data          0x0000000000000000        0x0 /usr/bin/../lib/gcc/arm-none-eabi/6.3.1/../../../../arm-none-eabi/lib/thumb/v6-m/crt0.o
 .bss           0x0000000000000000        0x0 /usr/bin/../lib/gcc/arm-none-eabi/6.3.1/../../../../arm-none-eabi/lib/thumb/v6-m/crt0.o
 .ARM.extab     0x0000000000000000        0x0 /usr/bin/../lib/gcc/arm-none-eabi/6.3.1/../../../../arm-none-eabi/lib/thumb/v6-m/crt0.o
 .text          0x0000000000000000        0x0 /usr/bin/../lib/gcc/arm-none-eabi/6.3.1/../../../../arm-none-eabi/lib/thumb/v6-m/libc_nano.a(lib_a-exit.o)
 .data          0x0000000000000000        0x0 /usr/bin/../lib/gcc/arm-none-eabi/6.3.1/../../../../arm-none-eabi/lib/thumb/v6-m/libc_nano.a(lib_a-exit.o)
 .bss           0x0000000000000000        0x0 /usr/bin/../lib/gcc/arm-none-eabi/6.3.1/../../../../arm-none-eabi/lib/thumb/v6-m/libc_nano.a(lib_a-exit.o)
 .text          0x0000000000000000        0x0 /usr/bin/../lib/gcc/arm-none-eabi/6.3.1/../../../../arm-none-eabi/lib/thumb/v6-m/libc_nano.a(lib_a-impure.o)
 .data          0x0000000000000000        0x0 /usr/bin/../lib/gcc/arm-none-eabi/6.3.1/../../../../arm-none-eabi/lib/thumb/v6-m/libc_nano.a(lib_a-impure.o)
 .bss           0x0000000000000000        0x0 /usr/bin/../lib/gcc/arm-none-eabi/6.3.1/../../../../arm-none-eabi/lib/thumb/v6-m/libc_nano.a(lib_a-impure.o)
 .data._impure_ptr
                0x0000000000000000        0x4 /usr/bin/../lib/gcc/arm-none-eabi/6.3.1/../../../../arm-none-eabi/lib/thumb/v6-m/libc_nano.a(lib_a-impure.o)
 .text          0x0000000000000000        0x0 /usr/bin/../lib/gcc/arm-none-eabi/6.3.1/../../../../arm-none-eabi/lib/thumb/v6-m/libc_nano.a(lib_a-init.o)
 .data          0x0000000000000000        0x0 /usr/bin/../lib/gcc/arm-none-eabi/6.3.1/../../../../arm-none-eabi/lib/thumb/v6-m/libc_nano.a(lib_a-init.o)
 .bss           0x0000000000000000        0x0 /usr/bin/../lib/gcc/arm-none-eabi/6.3.1/../../../../arm-none-eabi/lib/thumb/v6-m/libc_nano.a(lib_a-init.o)
 .text          0x0000000000000000        0x0 /usr/bin/../lib/gcc/arm-none-eabi/6.3.1/../../../../arm-none-eabi/lib/thumb/v6-m/libc_nano.a(lib_a-memset.o)
 .data          0x0000000000000000        0x0 /usr/bin/../lib/gcc/arm-none-eabi/6.3.1/../../../../arm-none-eabi/lib/thumb/v6-m/libc_nano.a(lib_a-memset.o)
 .bss           0x0000000000000000        0x0 /usr/bin/../lib/gcc/arm-none-eabi/6.3.1/../../../../arm-none-eabi/lib/thumb/v6-m/libc_nano.a(lib_a-memset.o)
 .text          0x0000000000000000        0x0 /usr/bin/../lib/gcc/arm-none-eabi/6.3.1/../../../../arm-none-eabi/lib/thumb/v6-m/libnosys.a(_exit.o)
 .data          0x0000000000000000        0x0 /usr/bin/../lib/gcc/arm-none-eabi/6.3.1/../../../../arm-none-eabi/lib/thumb/v6-m/libnosys.a(_exit.o)
 .bss           0x0000000000000000        0x0 /usr/bin/../lib/gcc/arm-none-eabi/6.3.1/../../../../arm-none-eabi/lib/thumb/v6-m/libnosys.a(_exit.o)
 .text          0x0000000000000000        0x0 _build/system_nrf51.o
 .data          0x0000000000000000        0x0 _build/system_nrf51.o
 .bss           0x0000000000000000        0x0 _build/system_nrf51.o
 .text.SystemCoreClockUpdate
                0x0000000000000000       0x10 _build/system_nrf51.o
 .data.SystemCoreClock
                0x0000000000000000        0x4 _build/system_nrf51.o
 .text          0x0000000000000000        0x0 _build/main.o
 .data          0x0000000000000000        0x0 _build/main.o
 .bss           0x0000000000000000        0x0 _build/main.o
 .text          0x0000000000000000        0x0 _build/nrf_delay.o
 .data          0x0000000000000000        0x0 _build/nrf_delay.o
 .bss           0x0000000000000000        0x0 _build/nrf_delay.o
 .data          0x0000000000000000        0x0 _build/gcc_startup_nrf51.o
 .bss           0x0000000000000000        0x0 _build/gcc_startup_nrf51.o
 .ARM.extab     0x0000000000000000        0x0 _build/gcc_startup_nrf51.o
 .text          0x0000000000000000        0x0 /usr/bin/../lib/gcc/arm-none-eabi/6.3.1/thumb/v6-m/crtend.o
 .data          0x0000000000000000        0x0 /usr/bin/../lib/gcc/arm-none-eabi/6.3.1/thumb/v6-m/crtend.o
 .bss           0x0000000000000000        0x0 /usr/bin/../lib/gcc/arm-none-eabi/6.3.1/thumb/v6-m/crtend.o
 .eh_frame      0x0000000000000000        0x4 /usr/bin/../lib/gcc/arm-none-eabi/6.3.1/thumb/v6-m/crtend.o
 .jcr           0x0000000000000000        0x4 /usr/bin/../lib/gcc/arm-none-eabi/6.3.1/thumb/v6-m/crtend.o
 .ARM.attributes
                0x0000000000000000       0x2c /usr/bin/../lib/gcc/arm-none-eabi/6.3.1/thumb/v6-m/crtend.o
 .text          0x0000000000000000        0x0 /usr/bin/../lib/gcc/arm-none-eabi/6.3.1/thumb/v6-m/crtn.o
 .data          0x0000000000000000        0x0 /usr/bin/../lib/gcc/arm-none-eabi/6.3.1/thumb/v6-m/crtn.o
 .bss           0x0000000000000000        0x0 /usr/bin/../lib/gcc/arm-none-eabi/6.3.1/thumb/v6-m/crtn.o

Memory Configuration

Name             Origin             Length             Attributes
FLASH            0x0000000000000000 0x0000000000040000 xr
RAM              0x0000000020000000 0x0000000000008000 xrw
*default*        0x0000000000000000 0xffffffffffffffff

Linker script and memory map

LOAD /usr/bin/../lib/gcc/arm-none-eabi/6.3.1/thumb/v6-m/crti.o
LOAD /usr/bin/../lib/gcc/arm-none-eabi/6.3.1/thumb/v6-m/crtbegin.o
LOAD /usr/bin/../lib/gcc/arm-none-eabi/6.3.1/../../../../arm-none-eabi/lib/thumb/v6-m/crt0.o
LOAD /usr/bin/../lib/gcc/arm-none-eabi/6.3.1/../../../../arm-none-eabi/lib/thumb/v6-m/libc_nano.a
LOAD /usr/bin/../lib/gcc/arm-none-eabi/6.3.1/../../../../arm-none-eabi/lib/thumb/v6-m/libnosys.a
LOAD _build/system_nrf51.o
LOAD _build/main.o
LOAD _build/nrf_delay.o
LOAD _build/gcc_startup_nrf51.o
START GROUP
LOAD /usr/bin/../lib/gcc/arm-none-eabi/6.3.1/thumb/v6-m/libgcc.a
LOAD /usr/bin/../lib/gcc/arm-none-eabi/6.3.1/../../../../arm-none-eabi/lib/thumb/v6-m/libc_nano.a
END GROUP
START GROUP
LOAD /usr/bin/../lib/gcc/arm-none-eabi/6.3.1/thumb/v6-m/libgcc.a
LOAD /usr/bin/../lib/gcc/arm-none-eabi/6.3.1/../../../../arm-none-eabi/lib/thumb/v6-m/libc_nano.a
END GROUP
LOAD /usr/bin/../lib/gcc/arm-none-eabi/6.3.1/thumb/v6-m/crtend.o
LOAD /usr/bin/../lib/gcc/arm-none-eabi/6.3.1/thumb/v6-m/crtn.o
START GROUP
LOAD /usr/bin/../lib/gcc/arm-none-eabi/6.3.1/thumb/v6-m/libgcc.a
LOAD /usr/bin/../lib/gcc/arm-none-eabi/6.3.1/../../../../arm-none-eabi/lib/thumb/v6-m/libc.a
LOAD /usr/bin/../lib/gcc/arm-none-eabi/6.3.1/../../../../arm-none-eabi/lib/thumb/v6-m/libnosys.a
END GROUP

.fs_data_out    0x0000000000000000        0x0
                [!provide]                        PROVIDE (__start_fs_data, .)
 *(fs_data)
                [!provide]                        PROVIDE (__stop_fs_data, .)

.text           0x0000000000000000      0x3d0
 *(.Vectors)
 .Vectors       0x0000000000000000       0xc0 _build/gcc_startup_nrf51.o
                0x0000000000000000                __Vectors
 *(.text*)
 .text          0x00000000000000c0       0x60 /usr/bin/../lib/gcc/arm-none-eabi/6.3.1/thumb/v6-m/crtbegin.o
 .text          0x0000000000000120       0x78 /usr/bin/../lib/gcc/arm-none-eabi/6.3.1/../../../../arm-none-eabi/lib/thumb/v6-m/crt0.o
                0x0000000000000120                _mainCRTStartup
                0x0000000000000120                _start
 .text.exit     0x0000000000000198       0x2c /usr/bin/../lib/gcc/arm-none-eabi/6.3.1/../../../../arm-none-eabi/lib/thumb/v6-m/libc_nano.a(lib_a-exit.o)
                0x0000000000000198                exit
 .text.__libc_init_array
                0x00000000000001c4       0x48 /usr/bin/../lib/gcc/arm-none-eabi/6.3.1/../../../../arm-none-eabi/lib/thumb/v6-m/libc_nano.a(lib_a-init.o)
                0x00000000000001c4                __libc_init_array
 .text.memset   0x000000000000020c       0x10 /usr/bin/../lib/gcc/arm-none-eabi/6.3.1/../../../../arm-none-eabi/lib/thumb/v6-m/libc_nano.a(lib_a-memset.o)
                0x000000000000020c                memset
 .text._exit    0x000000000000021c        0x4 /usr/bin/../lib/gcc/arm-none-eabi/6.3.1/../../../../arm-none-eabi/lib/thumb/v6-m/libnosys.a(_exit.o)
                0x000000000000021c                _exit
 .text.SystemInit
                0x0000000000000220       0x94 _build/system_nrf51.o
                0x0000000000000220                SystemInit
 .text.startup.main
                0x00000000000002b4       0x6c _build/main.o
                0x00000000000002b4                main
 .text.nrf_delay_ms
                0x0000000000000320       0x3c _build/nrf_delay.o
                0x0000000000000320                nrf_delay_ms
 .text          0x000000000000035c       0x54 _build/gcc_startup_nrf51.o
                0x000000000000035c                Reset_Handler
                0x00000000000003a4                NMI_Handler
                0x00000000000003a6                HardFault_Handler
                0x00000000000003a8                SVC_Handler
                0x00000000000003aa                PendSV_Handler
                0x00000000000003ac                SysTick_Handler
                0x00000000000003ae                TIMER2_IRQHandler
                0x00000000000003ae                SPI0_TWI0_IRQHandler
                0x00000000000003ae                RTC0_IRQHandler
                0x00000000000003ae                GPIOTE_IRQHandler
                0x00000000000003ae                POWER_CLOCK_IRQHandler
                0x00000000000003ae                RADIO_IRQHandler
                0x00000000000003ae                LPCOMP_IRQHandler
                0x00000000000003ae                SWI4_IRQHandler
                0x00000000000003ae                TEMP_IRQHandler
                0x00000000000003ae                QDEC_IRQHandler
                0x00000000000003ae                UART0_IRQHandler
                0x00000000000003ae                SWI5_IRQHandler
                0x00000000000003ae                TIMER0_IRQHandler
                0x00000000000003ae                SWI0_IRQHandler
                0x00000000000003ae                TIMER1_IRQHandler
                0x00000000000003ae                ECB_IRQHandler
                0x00000000000003ae                Default_Handler
                0x00000000000003ae                ADC_IRQHandler
                0x00000000000003ae                SWI3_IRQHandler
                0x00000000000003ae                CCM_AAR_IRQHandler
                0x00000000000003ae                WDT_IRQHandler
                0x00000000000003ae                SWI2_IRQHandler
                0x00000000000003ae                RNG_IRQHandler
                0x00000000000003ae                SPI1_TWI1_IRQHandler
                0x00000000000003ae                RTC1_IRQHandler
                0x00000000000003ae                SWI1_IRQHandler
 *(.init)
 .init          0x00000000000003b0        0x4 /usr/bin/../lib/gcc/arm-none-eabi/6.3.1/thumb/v6-m/crti.o
                0x00000000000003b0                _init
 .init          0x00000000000003b4        0x8 /usr/bin/../lib/gcc/arm-none-eabi/6.3.1/thumb/v6-m/crtn.o
 *(.fini)
 .fini          0x00000000000003bc        0x4 /usr/bin/../lib/gcc/arm-none-eabi/6.3.1/thumb/v6-m/crti.o
                0x00000000000003bc                _fini
 .fini          0x00000000000003c0        0x8 /usr/bin/../lib/gcc/arm-none-eabi/6.3.1/thumb/v6-m/crtn.o
 *crtbegin.o(.ctors)
 *crtbegin?.o(.ctors)
 *(EXCLUDE_FILE(*crtend.o *crtend?.o) .ctors)
 *(SORT(.ctors.*))
 *(.ctors)
 *crtbegin.o(.dtors)
 *crtbegin?.o(.dtors)
 *(EXCLUDE_FILE(*crtend.o *crtend?.o) .dtors)
 *(SORT(.dtors.*))
 *(.dtors)
 *(.rodata*)
 .rodata._global_impure_ptr
                0x00000000000003c8        0x4 /usr/bin/../lib/gcc/arm-none-eabi/6.3.1/../../../../arm-none-eabi/lib/thumb/v6-m/libc_nano.a(lib_a-impure.o)
                0x00000000000003c8                _global_impure_ptr
 .rodata.leds_list
                0x00000000000003cc        0x4 _build/main.o
                0x00000000000003cc                leds_list
 *(.eh_frame*)
 .eh_frame      0x00000000000003d0        0x0 /usr/bin/../lib/gcc/arm-none-eabi/6.3.1/thumb/v6-m/crtbegin.o
                0x00000000000003d0                . = ALIGN (0x4)

.glue_7         0x00000000000003d0        0x0
 .glue_7        0x00000000000003d0        0x0 linker stubs

.glue_7t        0x00000000000003d0        0x0
 .glue_7t       0x00000000000003d0        0x0 linker stubs

.vfp11_veneer   0x00000000000003d0        0x0
 .vfp11_veneer  0x00000000000003d0        0x0 linker stubs

.v4_bx          0x00000000000003d0        0x0
 .v4_bx         0x00000000000003d0        0x0 linker stubs

.iplt           0x00000000000003d0        0x0
 .iplt          0x00000000000003d0        0x0 /usr/bin/../lib/gcc/arm-none-eabi/6.3.1/thumb/v6-m/crtbegin.o

.ARM.extab      0x00000000000003d0        0x0
 *(.ARM.extab* .gnu.linkonce.armextab.*)
                0x00000000000003d0                . = ALIGN (0x4)
                0x00000000000003d0                __exidx_start = .

.ARM.exidx      0x00000000000003d0        0x8
 *(.ARM.exidx* .gnu.linkonce.armexidx.*)
 .ARM.exidx     0x00000000000003d0        0x8 /usr/bin/../lib/gcc/arm-none-eabi/6.3.1/../../../../arm-none-eabi/lib/thumb/v6-m/crt0.o
 .ARM.exidx     0x00000000000003d8        0x0 _build/gcc_startup_nrf51.o
                                          0x8 (size before relaxing)
                0x00000000000003d8                . = ALIGN (0x4)
                0x00000000000003d8                __exidx_end = .
                0x00000000000003d8                __etext = .

.rel.dyn        0x00000000000003d8        0x0
 .rel.iplt      0x00000000000003d8        0x0 /usr/bin/../lib/gcc/arm-none-eabi/6.3.1/thumb/v6-m/crtbegin.o

.data           0x0000000020000000       0x68 load address 0x00000000000003d8
                0x0000000020000000                __data_start__ = .
 *(vtable)
 *(.data*)
 .data.impure_data
                0x0000000020000000       0x60 /usr/bin/../lib/gcc/arm-none-eabi/6.3.1/../../../../arm-none-eabi/lib/thumb/v6-m/libc_nano.a(lib_a-impure.o)
                0x0000000020000060                . = ALIGN (0x4)
                0x0000000020000060                PROVIDE (__preinit_array_start, .)
 *(.preinit_array)
                0x0000000020000060                PROVIDE (__preinit_array_end, .)
                0x0000000020000060                . = ALIGN (0x4)
                0x0000000020000060                PROVIDE (__init_array_start, .)
 *(SORT(.init_array.*))
 *(.init_array)
 .init_array    0x0000000020000060        0x4 /usr/bin/../lib/gcc/arm-none-eabi/6.3.1/thumb/v6-m/crtbegin.o
                0x0000000020000064                PROVIDE (__init_array_end, .)
                0x0000000020000064                . = ALIGN (0x4)
                [!provide]                        PROVIDE (__fini_array_start, .)
 *(SORT(.fini_array.*))
 *(.fini_array)
 .fini_array    0x0000000020000064        0x4 /usr/bin/../lib/gcc/arm-none-eabi/6.3.1/thumb/v6-m/crtbegin.o
                [!provide]                        PROVIDE (__fini_array_end, .)
 *(.jcr)
 .jcr           0x0000000020000068        0x0 /usr/bin/../lib/gcc/arm-none-eabi/6.3.1/thumb/v6-m/crtbegin.o
                0x0000000020000068                . = ALIGN (0x4)
                0x0000000020000068                __data_end__ = .

.igot.plt       0x0000000020000068        0x0 load address 0x0000000000000440
 .igot.plt      0x0000000020000068        0x0 /usr/bin/../lib/gcc/arm-none-eabi/6.3.1/thumb/v6-m/crtbegin.o

.bss            0x0000000020000068       0x1c load address 0x0000000000000440
                0x0000000020000068                . = ALIGN (0x4)
                0x0000000020000068                __bss_start__ = .
 *(.bss*)
 .bss           0x0000000020000068       0x1c /usr/bin/../lib/gcc/arm-none-eabi/6.3.1/thumb/v6-m/crtbegin.o
 *(COMMON)
                0x0000000020000084                . = ALIGN (0x4)
                0x0000000020000084                __bss_end__ = .

.heap           0x0000000020000088      0x800
                0x0000000020000088                __end__ = .
                0x0000000020000088                end = __end__
 *(.heap*)
 .heap          0x0000000020000088      0x800 _build/gcc_startup_nrf51.o
                0x0000000020000088                __HeapBase
                0x0000000020000888                __HeapLimit = .

.stack_dummy    0x0000000020000088      0x800
 *(.stack*)
 .stack         0x0000000020000088      0x800 _build/gcc_startup_nrf51.o
                0x0000000020008000                __StackTop = (ORIGIN (RAM) + LENGTH (RAM))
                0x0000000020007800                __StackLimit = (__StackTop - SIZEOF (.stack_dummy))
                0x0000000020008000                PROVIDE (__stack, __StackTop)
                0x0000000000000001                ASSERT ((__StackLimit >= __HeapLimit), region RAM overflowed with stack)
OUTPUT(_build/nrf51422_xxac.out elf32-littlearm)

.ARM.attributes
                0x0000000000000000       0x28
 .ARM.attributes
                0x0000000000000000       0x1e /usr/bin/../lib/gcc/arm-none-eabi/6.3.1/thumb/v6-m/crti.o
 .ARM.attributes
                0x000000000000001e       0x2c /usr/bin/../lib/gcc/arm-none-eabi/6.3.1/thumb/v6-m/crtbegin.o
 .ARM.attributes
                0x000000000000004a       0x1b /usr/bin/../lib/gcc/arm-none-eabi/6.3.1/../../../../arm-none-eabi/lib/thumb/v6-m/crt0.o
 .ARM.attributes
                0x0000000000000065       0x2c /usr/bin/../lib/gcc/arm-none-eabi/6.3.1/../../../../arm-none-eabi/lib/thumb/v6-m/libc_nano.a(lib_a-exit.o)
 .ARM.attributes
                0x0000000000000091       0x2c /usr/bin/../lib/gcc/arm-none-eabi/6.3.1/../../../../arm-none-eabi/lib/thumb/v6-m/libc_nano.a(lib_a-impure.o)
 .ARM.attributes
                0x00000000000000bd       0x2c /usr/bin/../lib/gcc/arm-none-eabi/6.3.1/../../../../arm-none-eabi/lib/thumb/v6-m/libc_nano.a(lib_a-init.o)
 .ARM.attributes
                0x00000000000000e9       0x2c /usr/bin/../lib/gcc/arm-none-eabi/6.3.1/../../../../arm-none-eabi/lib/thumb/v6-m/libc_nano.a(lib_a-memset.o)
 .ARM.attributes
                0x0000000000000115       0x2c /usr/bin/../lib/gcc/arm-none-eabi/6.3.1/../../../../arm-none-eabi/lib/thumb/v6-m/libnosys.a(_exit.o)
 .ARM.attributes
                0x0000000000000141       0x31 _build/system_nrf51.o
 .ARM.attributes
                0x0000000000000172       0x31 _build/main.o
 .ARM.attributes
                0x00000000000001a3       0x31 _build/nrf_delay.o
 .ARM.attributes
                0x00000000000001d4       0x1b _build/gcc_startup_nrf51.o
 .ARM.attributes
                0x00000000000001ef       0x1e /usr/bin/../lib/gcc/arm-none-eabi/6.3.1/thumb/v6-m/crtn.o

.comment        0x0000000000000000       0x7f
 .comment       0x0000000000000000       0x7f _build/system_nrf51.o
                                         0x80 (size before relaxing)
 .comment       0x000000000000007f       0x80 _build/main.o
 .comment       0x000000000000007f       0x80 _build/nrf_delay.o

.debug_frame    0x0000000000000000       0x94
 .debug_frame   0x0000000000000000       0x28 /usr/bin/../lib/gcc/arm-none-eabi/6.3.1/../../../../arm-none-eabi/lib/thumb/v6-m/libc_nano.a(lib_a-exit.o)
 .debug_frame   0x0000000000000028       0x2c /usr/bin/../lib/gcc/arm-none-eabi/6.3.1/../../../../arm-none-eabi/lib/thumb/v6-m/libc_nano.a(lib_a-init.o)
 .debug_frame   0x0000000000000054       0x20 /usr/bin/../lib/gcc/arm-none-eabi/6.3.1/../../../../arm-none-eabi/lib/thumb/v6-m/libc_nano.a(lib_a-memset.o)
 .debug_frame   0x0000000000000074       0x20 /usr/bin/../lib/gcc/arm-none-eabi/6.3.1/../../../../arm-none-eabi/lib/thumb/v6-m/libnosys.a(_exit.o)
